121.116.48.189 - - [10/Sep/2007:06:41:07 +0900] "GET /aboutus/img/outline002.jpg HTTP/1.1" 200 4923 "http://www.art-printing.co.jp/aboutus/outline.html" "Mozilla/4.0 (compatible; MSIE 7.0; Windows NT 6.0; SLCC1; .NET CLR 2.0.50727; .NET CLR 3.0.04506)"
121.116.48.189 - - [10/Sep/2007:06:41:08 +0900] "GET /img/top004.gif HTTP/1.1" 200 81 "http://www.art-printing.co.jp/aboutus/outline.html" "Mozilla/4.0 (compatible; MSIE 7.0; Windows NT 6.0; SLCC1; .NET CLR 2.0.50727; .NET CLR 3.0.04506)"
121.116.48.189 - - [10/Sep/2007:06:41:08 +0900] "GET /aboutus/img/history_b.gif HTTP/1.1" 200 540 "http://www.art-printing.co.jp/aboutus/outline.html" "Mozilla/4.0 (compatible; MSIE 7.0; Windows NT 6.0; SLCC1; .NET CLR 2.0.50727; .NET CLR 3.0.04506)"
121.116.48.189 - - [10/Sep/2007:06:41:08 +0900] "GET /aboutus/img/idea_b.gif HTTP/1.1" 200 771 "http://www.art-printing.co.jp/aboutus/outline.html" "Mozilla/4.0 (compatible; MSIE 7.0; Windows NT 6.0; SLCC1; .NET CLR 2.0.50727; .NET CLR 3.0.04506)"
121.116.48.189 - - [10/Sep/2007:06:41:08 +0900] "GET /aboutus/img/map_b.gif HTTP/1.1" 200 572 "http://www.art-printing.co.jp/aboutus/outline.html" "Mozilla/4.0 (compatible; MSIE 7.0; Windows NT 6.0; SLCC1; .NET CLR 2.0.50727; .NET CLR 3.0.04506)"
121.116.48.189 - - [10/Sep/2007:06:41:24 +0900] "GET /project/project.html HTTP/1.1" 200 14633 "http://www.art-printing.co.jp/aboutus/outline.html" "Mozilla/4.0 (compatible; MSIE 7.0; Windows NT 6.0; SLCC1; .NET CLR 2.0.50727; .NET CLR 3.0.04506)"
121.116.48.189 - - [10/Sep/2007:06:41:24 +0900] "GET /img/b02c.gif HTTP/1.1" 200 1266 "http://www.art-printing.co.jp/project/project.html" "Mozilla/4.0 (compatible; MSIE 7.0; Windows NT 6.0; SLCC1; .NET CLR 2.0.50727; .NET CLR 3.0.04506)"
121.116.48.189 - - [10/Sep/2007:06:41:24 +0900] "GET /project/img/project.gif HTTP/1.1" 200 1618 "http://www.art-printing.co.jp/project/project.html" "Mozilla/4.0 (compatible; MSIE 7.0; Windows NT 6.0; SLCC1; .NET CLR 2.0.50727; .NET CLR 3.0.04506)"
66.180.82.85 - - [10/Sep/2007:06:41:24 +0900] "GET /project/project.html HTTP/1.1" 200 14633 "-" "Mozilla/4.0 (compatible; MSIE 7.0; Windows NT 5.1; SV1; .NET CLR 2.0.50727)"
121.116.48.189 - - [10/Sep/2007:06:41:24 +0900] "GET /project/img/project_b.gif HTTP/1.1" 200 740 "http://www.art-printing.co.jp/project/project.html" "Mozilla/4.0 (compatible; MSIE 7.0; Windows NT 6.0; SLCC1; .NET CLR 2.0.50727; .NET CLR 3.0.04506)"
121.116.48.189 - - [10/Sep/2007:06:41:24 +0900] "GET /project/img/factory_a.gif HTTP/1.1" 200 579 "http://www.art-printing.co.jp/project/project.html" "Mozilla/4.0 (compatible; MSIE 7.0; Windows NT 6.0; SLCC1; .NET CLR 2.0.50727; .NET CLR 3.0.04506)"
121.116.48.189 - - [10/Sep/2007:06:41:24 +0900] "GET /project/img/sample01.jpg HTTP/1.1" 200 14129 "http://www.art-printing.co.jp/project/project.html" "Mozilla/4.0 (compatible; MSIE 7.0; Windows NT 6.0; SLCC1; .NET CLR 2.0.50727; .NET CLR 3.0.04506)"
121.116.48.189 - - [10/Sep/2007:06:41:24 +0900] "GET /project/img/sample02.jpg HTTP/1.1" 200 8629 "http://www.art-printing.co.jp/project/project.html" "Mozilla/4.0 (compatible; MSIE 7.0; Windows NT 6.0; SLCC1; .NET CLR 2.0.50727; .NET CLR 3.0.04506)"
121.116.48.189 - - [10/Sep/2007:06:41:24 +0900] "GET /project/img/dentsu.jpg HTTP/1.1" 200 12869 "http://www.art-printing.co.jp/project/project.html" "Mozilla/4.0 (compatible; MSIE 7.0; Windows NT 6.0; SLCC1; .NET CLR 2.0.50727; .NET CLR 3.0.04506)"
121.116.48.189 - - [10/Sep/2007:06:41:24 +0900] "GET /project/img/sample04.jpg HTTP/1.1" 200 12868 "http://www.art-printing.co.jp/project/project.html" "Mozilla/4.0 (compatible; MSIE 7.0; Windows NT 6.0; SLCC1; .NET CLR 2.0.50727; .NET CLR 3.0.04506)"
121.116.48.189 - - [10/Sep/2007:06:41:25 +0900] "GET /project/img/factory_b.gif HTTP/1.1" 200 719 "http://www.art-printing.co.jp/project/project.html" "Mozilla/4.0 (compatible; MSIE 7.0; Windows NT 6.0; SLCC1; .NET CLR 2.0.50727; .NET CLR 3.0.04506)"
121.116.48.189 - - [10/Sep/2007:06:41:31 +0900] "GET /group/group.html HTTP/1.1" 200 13750 "http://www.art-printing.co.jp/project/project.html" "Mozilla/4.0 (compatible; MSIE 7.0; Windows NT 6.0; SLCC1; .NET CLR 2.0.50727; .NET CLR 3.0.04506)"
121.116.48.189 - - [10/Sep/2007:06:41:31 +0900] "GET /img/b03c.gif HTTP/1.1" 200 1280 "http://www.art-printing.co.jp/group/group.html" "Mozilla/4.0 (compatible; MSIE 7.0; Windows NT 6.0; SLCC1; .NET CLR 2.0.50727; .NET CLR 3.0.04506)"
121.116.48.189 - - [10/Sep/2007:06:41:31 +0900] "GET /group/img/group.gif HTTP/1.1" 200 1561 "http://www.art-printing.co.jp/group/group.html" "Mozilla/4.0 (compatible; MSIE 7.0; Windows NT 6.0; SLCC1; .NET CLR 2.0.50727; .NET CLR 3.0.04506)"
121.116.48.189 - - [10/Sep/2007:06:41:31 +0900] "GET /group/img/ma_a.gif HTTP/1.1" 200 506 "http://www.art-printing.co.jp/group/group.html" "Mozilla/4.0 (compatible; MSIE 7.0; Windows NT 6.0; SLCC1; .NET CLR 2.0.50727; .NET CLR 3.0.04506)"
121.116.48.189 - - [10/Sep/2007:06:41:31 +0900] "GET /group/img/igaku_a.gif HTTP/1.1" 200 724 "http://www.art-printing.co.jp/group/group.html" "Mozilla/4.0 (compatible; MSIE 7.0; Windows NT 6.0; SLCC1; .NET CLR 2.0.50727; .NET CLR 3.0.04506)"
121.116.48.189 - - [10/Sep/2007:06:41:31 +0900] "GET /group/img/oki_a.gif HTTP/1.1" 200 598 "http://www.art-printing.co.jp/group/group.html" "Mozilla/4.0 (compatible; MSIE 7.0; Windows NT 6.0; SLCC1; .NET CLR 2.0.50727; .NET CLR 3.0.04506)"
121.116.48.189 - - [10/Sep/2007:06:41:31 +0900] "GET /group/img/pal_a.gif HTTP/1.1" 200 619 "http://www.art-printing.co.jp/group/group.html" "Mozilla/4.0 (compatible; MSIE 7.0; Windows NT 6.0; SLCC1; .NET CLR 2.0.50727; .NET CLR 3.0.04506)"
121.116.48.189 - - [10/Sep/2007:06:41:31 +0900] "GET /group/img/ma_t.gif HTTP/1.1" 200 701 "http://www.art-printing.co.jp/group/group.html" "Mozilla/4.0 (compatible; MSIE 7.0; Windows NT 6.0; SLCC1; .NET CLR 2.0.50727; .NET CLR 3.0.04506)"
121.116.48.189 - - [10/Sep/2007:06:41:31 +0900] "GET /group/img/oki_t.gif HTTP/1.1" 200 885 "http://www.art-printing.co.jp/group/group.html" "Mozilla/4.0 (compatible; MSIE 7.0; Windows NT 6.0; SLCC1; .NET CLR 2.0.50727; .NET CLR 3.0.04506)"
121.116.48.189 - - [10/Sep/2007:06:41:31 +0900] "GET /group/img/igaku_t.gif HTTP/1.1" 200 1115 "http://www.art-printing.co.jp/group/group.html" "Mozilla/4.0 (compatible; MSIE 7.0; Windows NT 6.0; SLCC1; .NET CLR 2.0.50727; .NET CLR 3.0.04506)"
121.116.48.189 - - [10/Sep/2007:06:41:31 +0900] "GET /group/img/pal_t1.gif HTTP/1.1" 200 914 "http://www.art-printing.co.jp/group/group.html" "Mozilla/4.0 (compatible; MSIE 7.0; Windows NT 6.0; SLCC1; .NET CLR 2.0.50727; .NET CLR 3.0.04506)"
66.180.82.86 - - [10/Sep/2007:06:41:31 +0900] "GET /group/group.html HTTP/1.1" 200 13750 "-" "Mozilla/4.0 (compatible; MSIE 7.0; Windows NT 5.1; SV1; .NET CLR 2.0.50727)"
121.116.48.189 - - [10/Sep/2007:06:41:31 +0900] "GET /group/img/ma_b.gif HTTP/1.1" 200 626 "http://www.art-printing.co.jp/group/group.html" "Mozilla/4.0 (compatible; MSIE 7.0; Windows NT 6.0; SLCC1; .NET CLR 2.0.50727; .NET CLR 3.0.04506)"
121.116.48.189 - - [10/Sep/2007:06:41:31 +0900] "GET /group/img/igaku_b.gif HTTP/1.1" 200 851 "http://www.art-printing.co.jp/group/group.html" "Mozilla/4.0 (compatible; MSIE 7.0; Windows NT 6.0; SLCC1; .NET CLR 2.0.50727; .NET CLR 3.0.04506)"
121.116.48.189 - - [10/Sep/2007:06:41:31 +0900] "GET /group/img/oki_b.gif HTTP/1.1" 200 725 "http://www.art-printing.co.jp/group/group.html" "Mozilla/4.0 (compatible; MSIE 7.0; Windows NT 6.0; SLCC1; .NET CLR 2.0.50727; .NET CLR 3.0.04506)"
121.116.48.189 - - [10/Sep/2007:06:41:31 +0900] "GET /group/img/pal_b.gif HTTP/1.1" 200 744 "http://www.art-printing.co.jp/group/group.html" "Mozilla/4.0 (compatible; MSIE 7.0; Windows NT 6.0; SLCC1; .NET CLR 2.0.50727; .NET CLR 3.0.04506)"
121.116.48.189 - - [10/Sep/2007:06:41:34 +0900] "GET /recruit/recruit.html HTTP/1.1" 200 16671 "http://www.art-printing.co.jp/group/group.html" "Mozilla/4.0 (compatible; MSIE 7.0; Windows NT 6.0; SLCC1; .NET CLR 2.0.50727; .NET CLR 3.0.04506)"
66.180.82.86 - - [10/Sep/2007:06:41:34 +0900] "GET /recruit/recruit.html HTTP/1.1" 200 16671 "-" "Mozilla/4.0 (compatible; MSIE 7.0; Windows NT 5.1; SV1; .NET CLR 2.0.50727)"
121.116.48.189 - - [10/Sep/2007:06:41:34 +0900] "GET /img/b04c.gif HTTP/1.1" 200 1310 "http://www.art-printing.co.jp/recruit/recruit.html" "Mozilla/4.0 (compatible; MSIE 7.0; Windows NT 6.0; SLCC1; .NET CLR 2.0.50727; .NET CLR 3.0.04506)"
121.116.48.189 - - [10/Sep/2007:06:41:34 +0900] "GET /recruit/img/recruit.gif HTTP/1.1" 200 1769 "http://www.art-printing.co.jp/recruit/recruit.html" "Mozilla/4.0 (compatible; MSIE 7.0; Windows NT 6.0; SLCC1; .NET CLR 2.0.50727; .NET CLR 3.0.04506)"
121.116.48.189 - - [10/Sep/2007:06:41:34 +0900] "GET /recruit/img/recruit_b.gif HTTP/1.1" 200 763 "http://www.art-printing.co.jp/recruit/recruit.html" "Mozilla/4.0 (compatible; MSIE 7.0; Windows NT 6.0; SLCC1; .NET CLR 2.0.50727; .NET CLR 3.0.04506)"
121.116.48.189 - - [10/Sep/2007:06:41:34 +0900] "GET /recruit/img/stuff_v_a.gif HTTP/1.1" 200 567 "http://www.art-printing.co.jp/recruit/recruit.html" "Mozilla/4.0 (compatible; MSIE 7.0; Windows NT 6.0; SLCC1; .NET CLR 2.0.50727; .NET CLR 3.0.04506)"
121.116.48.189 - - [10/Sep/2007:06:41:34 +0900] "GET /recruit/img/recruit001.gif HTTP/1.1" 200 499 "http://www.art-printing.co.jp/recruit/recruit.html" "Mozilla/4.0 (compatible; MSIE 7.0; Windows NT 6.0; SLCC1; .NET CLR 2.0.50727; .NET CLR 3.0.04506)"
121.116.48.189 - - [10/Sep/2007:06:41:34 +0900] "GET /recruit/img/mn08_165_45.gif HTTP/1.1" 200 12954 "http://www.art-printing.co.jp/recruit/recruit.html" "Mozilla/4.0 (compatible; MSIE 7.0; Windows NT 6.0; SLCC1; .NET CLR 2.0.50727; .NET CLR 3.0.04506)"
121.116.48.189 - - [10/Sep/2007:06:41:35 +0900] "GET /recruit/img/stuff_v_b.gif HTTP/1.1" 200 708 "http://www.art-printing.co.jp/recruit/recruit.html" "Mozilla/4.0 (compatible; MSIE 7.0; Windows NT 6.0; SLCC1; .NET CLR 2.0.50727; .NET CLR 3.0.04506)"
121.116.48.189 - - [10/Sep/2007:06:42:00 +0900] "GET /project/factory.html HTTP/1.1" 200 31140 "http://www.art-printing.co.jp/project/project.html" "Mozilla/4.0 (compatible; MSIE 7.0; Windows NT 6.0; SLCC1; .NET CLR 2.0.50727; .NET CLR 3.0.04506)"
121.116.48.189 - - [10/Sep/2007:06:42:00 +0900] "GET /project/img/project_a.gif HTTP/1.1" 200 596 "http://www.art-printing.co.jp/project/factory.html" "Mozilla/4.0 (compatible; MSIE 7.0; Windows NT 6.0; SLCC1; .NET CLR 2.0.50727; .NET CLR 3.0.04506)"
121.116.48.189 - - [10/Sep/2007:06:42:00 +0900] "GET /project/img/factory002.jpg HTTP/1.1" 200 10970 "http://www.art-printing.co.jp/project/factory.html" "Mozilla/4.0 (compatible; MSIE 7.0; Windows NT 6.0; SLCC1; .NET CLR 2.0.50727; .NET CLR 3.0.04506)"
121.116.48.189 - - [10/Sep/2007:06:42:00 +0900] "GET /project/img/factory001.jpg HTTP/1.1" 200 30161 "http://www.art-printing.co.jp/project/factory.html" "Mozilla/4.0 (compatible; MSIE 7.0; Windows NT 6.0; SLCC1; .NET CLR 2.0.50727; .NET CLR 3.0.04506)"
66.180.82.81 - - [10/Sep/2007:06:42:00 +0900] "GET /project/factory.html HTTP/1.1" 200 31140 "-" "Mozilla/4.0 (compatible; MSIE 7.0; Windows NT 5.1; SV1; .NET CLR 2.0.50727)"
121.116.48.189 - - [10/Sep/2007:06:42:00 +0900] "GET /project/img/factory004.gif HTTP/1.1" 200 428 "http://www.art-printing.co.jp/project/factory.html" "Mozilla/4.0 (compatible; MSIE 7.0; Windows NT 6.0; SLCC1; .NET CLR 2.0.50727; .NET CLR 3.0.04506)"
121.116.48.189 - - [10/Sep/2007:06:42:00 +0900] "GET /project/img/factory003.jpg HTTP/1.1" 200 10172 "http://www.art-printing.co.jp/project/factory.html" "Mozilla/4.0 (compatible; MSIE 7.0; Windows NT 6.0; SLCC1; .NET CLR 2.0.50727; .NET CLR 3.0.04506)"
121.116.48.189 - - [10/Sep/2007:06:42:00 +0900] "GET /project/img/factory006.gif HTTP/1.1" 200 464 "http://www.art-printing.co.jp/project/factory.html" "Mozilla/4.0 (compatible; MSIE 7.0; Windows NT 6.0; SLCC1; .NET CLR 2.0.50727; .NET CLR 3.0.04506)"
121.116.48.189 - - [10/Sep/2007:06:42:00 +0900] "GET /project/img/factory005.gif HTTP/1.1" 200 464 "http://www.art-printing.co.jp/project/factory.html" "Mozilla/4.0 (compatible; MSIE 7.0; Windows NT 6.0; SLCC1; .NET CLR 2.0.50727; .NET CLR 3.0.04506)"
121.116.48.189 - - [10/Sep/2007:06:42:00 +0900] "GET /project/img/factory008.gif HTTP/1.1" 200 455 "http://www.art-printing.co.jp/project/factory.html" "Mozilla/4.0 (compatible; MSIE 7.0; Windows NT 6.0; SLCC1; .NET CLR 2.0.50727; .NET CLR 3.0.04506)"
121.116.48.189 - - [10/Sep/2007:06:42:00 +0900] "GET /project/img/factory007.gif HTTP/1.1" 200 495 "http://www.art-printing.co.jp/project/factory.html" "Mozilla/4.0 (compatible; MSIE 7.0; Windows NT 6.0; SLCC1; .NET CLR 2.0.50727; .NET CLR 3.0.04506)"
121.116.48.189 - - [10/Sep/2007:06:42:17 +0900] "GET /aboutus/history.html HTTP/1.1" 200 30746 "http://www.art-printing.co.jp/aboutus/outline.html" "Mozilla/4.0 (compatible; MSIE 7.0; Windows NT 6.0; SLCC1; .NET CLR 2.0.50727; .NET CLR 3.0.04506)"
66.180.82.85 - - [10/Sep/2007:06:42:17 +0900] "GET /aboutus/history.html HTTP/1.1" 200 30746 "-" "Mozilla/4.0 (compatible; MSIE 7.0; Windows NT 5.1; SV1; .NET CLR 2.0.50727)"
121.116.48.189 - - [10/Sep/2007:06:42:17 +0900] "GET /aboutus/img/outline_a.gif HTTP/1.1" 200 466 "http://www.art-printing.co.jp/aboutus/history.html" "Mozilla/4.0 (compatible; MSIE 7.0; Windows NT 6.0; SLCC1; .NET CLR 2.0.50727; .NET CLR 3.0.04506)"
121.116.48.189 - - [10/Sep/2007:06:47:13 +0900] "GET /aboutus/idea.html HTTP/1.1" 200 14572 "http://www.art-printing.co.jp/aboutus/history.html" "Mozilla/4.0 (compatible; MSIE 7.0; Windows NT 6.0; SLCC1; .NET CLR 2.0.50727; .NET CLR 3.0.04506)"
66.180.82.83 - - [10/Sep/2007:06:47:13 +0900] "GET /aboutus/idea.html HTTP/1.1" 200 14572 "-" "Mozilla/4.0 (compatible; MSIE 7.0; Windows NT 5.1; SV1; .NET CLR 2.0.50727)"
121.116.48.189 - - [10/Sep/2007:06:47:13 +0900] "GET /aboutus/img/idea001.gif HTTP/1.1" 200 4736 "http://www.art-printing.co.jp/aboutus/idea.html" "Mozilla/4.0 (compatible; MSIE 7.0; Windows NT 6.0; SLCC1; .NET CLR 2.0.50727; .NET CLR 3.0.04506)"
121.116.48.189 - - [10/Sep/2007:06:47:13 +0900] "GET /aboutus/img/president.jpg HTTP/1.1" 200 9410 "http://www.art-printing.co.jp/aboutus/idea.html" "Mozilla/4.0 (compatible; MSIE 7.0; Windows NT 6.0; SLCC1; .NET CLR 2.0.50727; .NET CLR 3.0.04506)"
121.116.48.189 - - [10/Sep/2007:06:47:26 +0900] "GET /aboutus/map.html HTTP/1.1" 200 11709 "http://www.art-printing.co.jp/aboutus/idea.html" "Mozilla/4.0 (compatible; MSIE 7.0; Windows NT 6.0; SLCC1; .NET CLR 2.0.50727; .NET CLR 3.0.04506)"
121.116.48.189 - - [10/Sep/2007:06:47:27 +0900] "GET /aboutus/img/map001.gif HTTP/1.1" 200 22186 "http://www.art-printing.co.jp/aboutus/map.html" "Mozilla/4.0 (compatible; MSIE 7.0; Windows NT 6.0; SLCC1; .NET CLR 2.0.50727; .NET CLR 3.0.04506)"
66.180.82.84 - - [10/Sep/2007:06:47:27 +0900] "GET /aboutus/map.html HTTP/1.1" 200 11709 "-" "Mozilla/4.0 (compatible; MSIE 7.0; Windows NT 5.1; SV1; .NET CLR 2.0.50727)"
121.116.48.189 - - [10/Sep/2007:06:47:59 +0900] "GET /group/ma.html HTTP/1.1" 200 17031 "http://www.art-printing.co.jp/group/group.html" "Mozilla/4.0 (compatible; MSIE 7.0; Windows NT 6.0; SLCC1; .NET CLR 2.0.50727; .NET CLR 3.0.04506)"
66.180.82.88 - - [10/Sep/2007:06:47:59 +0900] "GET /group/ma.html HTTP/1.1" 200 17031 "-" "Mozilla/4.0 (compatible; MSIE 7.0; Windows NT 5.1; SV1; .NET CLR 2.0.50727)"
121.116.48.189 - - [10/Sep/2007:06:47:59 +0900] "GET /group/img/privacy_2a.gif HTTP/1.1" 200 699 "http://www.art-printing.co.jp/group/ma.html" "Mozilla/4.0 (compatible; MSIE 7.0; Windows NT 6.0; SLCC1; .NET CLR 2.0.50727; .NET CLR 3.0.04506)"
121.116.48.189 - - [10/Sep/2007:06:48:00 +0900] "GET /group/img/ma002.gif HTTP/1.1" 200 560 "http://www.art-printing.co.jp/group/ma.html" "Mozilla/4.0 (compatible; MSIE 7.0; Windows NT 6.0; SLCC1; .NET CLR 2.0.50727; .NET CLR 3.0.04506)"
121.116.48.189 - - [10/Sep/2007:06:48:00 +0900] "GET /group/img/ma001.gif HTTP/1.1" 200 741 "http://www.art-printing.co.jp/group/ma.html" "Mozilla/4.0 (compatible; MSIE 7.0; Windows NT 6.0; SLCC1; .NET CLR 2.0.50727; .NET CLR 3.0.04506)"
121.116.48.189 - - [10/Sep/2007:06:48:00 +0900] "GET /group/img/ma003.gif HTTP/1.1" 200 511 "http://www.art-printing.co.jp/group/ma.html" "Mozilla/4.0 (compatible; MSIE 7.0; Windows NT 6.0; SLCC1; .NET CLR 2.0.50727; .NET CLR 3.0.04506)"
121.116.48.189 - - [10/Sep/2007:06:48:00 +0900] "GET /group/img/y_b.gif HTTP/1.1" 200 116 "http://www.art-printing.co.jp/group/ma.html" "Mozilla/4.0 (compatible; MSIE 7.0; Windows NT 6.0; SLCC1; .NET CLR 2.0.50727; .NET CLR 3.0.04506)"
121.116.48.189 - - [10/Sep/2007:06:48:00 +0900] "GET /group/img/privacy_2b.gif HTTP/1.1" 200 680 "http://www.art-printing.co.jp/group/ma.html" "Mozilla/4.0 (compatible; MSIE 7.0; Windows NT 6.0; SLCC1; .NET CLR 2.0.50727; .NET CLR 3.0.04506)"
121.116.48.189 - - [10/Sep/2007:06:48:07 +0900] "GET /group/igaku.html HTTP/1.1" 200 14774 "http://www.art-printing.co.jp/group/ma.html" "Mozilla/4.0 (compatible; MSIE 7.0; Windows NT 6.0; SLCC1; .NET CLR 2.0.50727; .NET CLR 3.0.04506)"
66.180.82.82 - - [10/Sep/2007:06:48:07 +0900] "GET /group/igaku.html HTTP/1.1" 200 14774 "-" "Mozilla/4.0 (compatible; MSIE 7.0; Windows NT 5.1; SV1; .NET CLR 2.0.50727)"
121.116.48.189 - - [10/Sep/2007:06:48:07 +0900] "GET /group/img/igaku001.gif HTTP/1.1" 200 552 "http://www.art-printing.co.jp/group/igaku.html" "Mozilla/4.0 (compatible; MSIE 7.0; Windows NT 6.0; SLCC1; .NET CLR 2.0.50727; .NET CLR 3.0.04506)"
121.116.48.189 - - [10/Sep/2007:06:48:11 +0900] "GET /group/oki.html HTTP/1.1" 200 15297 "http://www.art-printing.co.jp/group/igaku.html" "Mozilla/4.0 (compatible; MSIE 7.0; Windows NT 6.0; SLCC1; .NET CLR 2.0.50727; .NET CLR 3.0.04506)"
121.116.48.189 - - [10/Sep/2007:06:48:11 +0900] "GET /group/img/oki001.gif HTTP/1.1" 200 895 "http://www.art-printing.co.jp/group/oki.html" "Mozilla/4.0 (compatible; MSIE 7.0; Windows NT 6.0; SLCC1; .NET CLR 2.0.50727; .NET CLR 3.0.04506)"
121.116.48.189 - - [10/Sep/2007:06:48:11 +0900] "GET /group/img/oki002.jpg HTTP/1.1" 200 10835 "http://www.art-printing.co.jp/group/oki.html" "Mozilla/4.0 (compatible; MSIE 7.0; Windows NT 6.0; SLCC1; .NET CLR 2.0.50727; .NET CLR 3.0.04506)"
66.180.82.88 - - [10/Sep/2007:06:48:11 +0900] "GET /group/oki.html HTTP/1.1" 200 15297 "-" "Mozilla/4.0 (compatible; MSIE 7.0; Windows NT 5.1; SV1; .NET CLR 2.0.50727)"
121.116.48.189 - - [10/Sep/2007:06:48:11 +0900] "GET /group/img/oki003.jpg HTTP/1.1" 200 13456 "http://www.art-printing.co.jp/group/oki.html" "Mozilla/4.0 (compatible; MSIE 7.0; Windows NT 6.0; SLCC1; .NET CLR 2.0.50727; .NET CLR 3.0.04506)"
121.116.48.189 - - [10/Sep/2007:06:48:17 +0900] "GET /group/pal.html HTTP/1.1" 200 13511 "http://www.art-printing.co.jp/group/oki.html" "Mozilla/4.0 (compatible; MSIE 7.0; Windows NT 6.0; SLCC1; .NET CLR 2.0.50727; .NET CLR 3.0.04506)"
66.180.82.84 - - [10/Sep/2007:06:48:17 +0900] "GET /group/pal.html HTTP/1.1" 200 13511 "-" "Mozilla/4.0 (compatible; MSIE 7.0; Windows NT 5.1; SV1; .NET CLR 2.0.50727)"
121.116.48.189 - - [10/Sep/2007:06:48:17 +0900] "GET /group/img/pal_t2.gif HTTP/1.1" 200 2308 "http://www.art-printing.co.jp/group/pal.html" "Mozilla/4.0 (compatible; MSIE 7.0; Windows NT 6.0; SLCC1; .NET CLR 2.0.50727; .NET CLR 3.0.04506)"
121.116.48.189 - - [10/Sep/2007:06:48:17 +0900] "GET /group/img/pal001.jpg HTTP/1.1" 200 16494 "http://www.art-printing.co.jp/group/pal.html" "Mozilla/4.0 (compatible; MSIE 7.0; Windows NT 6.0; SLCC1; .NET CLR 2.0.50727; .NET CLR 3.0.04506)"
121.116.48.189 - - [10/Sep/2007:06:48:17 +0900] "GET /group/img/pal002.jpg HTTP/1.1" 200 3645 "http://www.art-printing.co.jp/group/pal.html" "Mozilla/4.0 (compatible; MSIE 7.0; Windows NT 6.0; SLCC1; .NET CLR 2.0.50727; .NET CLR 3.0.04506)"
121.116.48.189 - - [10/Sep/2007:06:48:17 +0900] "GET /group/img/y_o.gif HTTP/1.1" 200 116 "http://www.art-printing.co.jp/group/pal.html" "Mozilla/4.0 (compatible; MSIE 7.0; Windows NT 6.0; SLCC1; .NET CLR 2.0.50727; .NET CLR 3.0.04506)"
121.116.48.189 - - [10/Sep/2007:06:48:27 +0900] "GET /recruit/stuff_v.html HTTP/1.1" 200 17531 "http://www.art-printing.co.jp/recruit/recruit.html" "Mozilla/4.0 (compatible; MSIE 7.0; Windows NT 6.0; SLCC1; .NET CLR 2.0.50727; .NET CLR 3.0.04506)"
66.180.82.86 - - [10/Sep/2007:06:48:27 +0900] "GET /recruit/stuff_v.html HTTP/1.1" 200 17531 "-" "Mozilla/4.0 (compatible; MSIE 7.0; Windows NT 5.1; SV1; .NET CLR 2.0.50727)"
121.116.48.189 - - [10/Sep/2007:06:48:27 +0900] "GET /recruit/img/recruit_a.gif HTTP/1.1" 200 617 "http://www.art-printing.co.jp/recruit/stuff_v.html" "Mozilla/4.0 (compatible; MSIE 7.0; Windows NT 6.0; SLCC1; .NET CLR 2.0.50727; .NET CLR 3.0.04506)"
121.116.48.189 - - [10/Sep/2007:06:48:27 +0900] "GET /recruit/img/stuff_v001.gif HTTP/1.1" 200 427 "http://www.art-printing.co.jp/recruit/stuff_v.html" "Mozilla/4.0 (compatible; MSIE 7.0; Windows NT 6.0; SLCC1; .NET CLR 2.0.50727; .NET CLR 3.0.04506)"
121.116.48.189 - - [10/Sep/2007:06:48:27 +0900] "GET /recruit/img/stuff_v003.jpg HTTP/1.1" 200 26751 "http://www.art-printing.co.jp/recruit/stuff_v.html" "Mozilla/4.0 (compatible; MSIE 7.0; Windows NT 6.0; SLCC1; .NET CLR 2.0.50727; .NET CLR 3.0.04506)"
121.116.48.189 - - [10/Sep/2007:06:48:27 +0900] "GET /recruit/img/stuff_v002.jpg HTTP/1.1" 200 27183 "http://www.art-printing.co.jp/recruit/stuff_v.html" "Mozilla/4.0 (compatible; MSIE 7.0; Windows NT 6.0; SLCC1; .NET CLR 2.0.50727; .NET CLR 3.0.04506)"
121.116.48.189 - - [10/Sep/2007:06:48:27 +0900] "GET /recruit/img/stuff_v004.jpg HTTP/1.1" 200 26281 "http://www.art-printing.co.jp/recruit/stuff_v.html" "Mozilla/4.0 (compatible; MSIE 7.0; Windows NT 6.0; SLCC1; .NET CLR 2.0.50727; .NET CLR 3.0.04506)"
121.116.48.189 - - [10/Sep/2007:06:49:17 +0900] "GET /recruit/stuff001.html HTTP/1.1" 200 20073 "http://www.art-printing.co.jp/recruit/stuff_v.html" "Mozilla/4.0 (compatible; MSIE 7.0; Windows NT 6.0; SLCC1; .NET CLR 2.0.50727; .NET CLR 3.0.04506)"
66.180.82.81 - - [10/Sep/2007:06:49:17 +0900] "GET /recruit/stuff001.html HTTP/1.1" 200 20073 "-" "Mozilla/4.0 (compatible; MSIE 7.0; Windows NT 5.1; SV1; .NET CLR 2.0.50727)"
121.116.48.189 - - [10/Sep/2007:06:49:32 +0900] "GET /recruit/stuff002.html HTTP/1.1" 200 19991 "http://www.art-printing.co.jp/recruit/stuff_v.html" "Mozilla/4.0 (compatible; MSIE 7.0; Windows NT 6.0; SLCC1; .NET CLR 2.0.50727; .NET CLR 3.0.04506)"
66.180.82.84 - - [10/Sep/2007:06:49:32 +0900] "GET /recruit/stuff002.html HTTP/1.1" 200 19991 "-" "Mozilla/4.0 (compatible; MSIE 7.0; Windows NT 5.1; SV1; .NET CLR 2.0.50727)"
121.116.48.189 - - [10/Sep/2007:06:50:44 +0900] "GET /recruit/stuff003.html HTTP/1.1" 200 19971 "http://www.art-printing.co.jp/recruit/stuff_v.html" "Mozilla/4.0 (compatible; MSIE 7.0; Windows NT 6.0; SLCC1; .NET CLR 2.0.50727; .NET CLR 3.0.04506)"
66.180.82.84 - - [10/Sep/2007:06:50:45 +0900] "GET /recruit/stuff003.html HTTP/1.1" 200 19971 "-" "Mozilla/4.0 (compatible; MSIE 7.0; Windows NT 5.1; SV1; .NET CLR 2.0.50727)"
122.152.128.48 - - [10/Sep/2007:07:05:28 +0900] "GET / HTTP/1.1" 200 7182 "-" "Baiduspider+(+http://www.baidu.com/search/spider_jp.html)"
